[demo.7iquid.com/alsha/index.html]
[backblue.gif]
[fade.gif]
[index.html]
[demo.7iquid.com/alsha/feed/index.html]
[demo.7iquid.com/alsha/wp-json/oembed/1.0/embedbd67.json]
[demo.7iquid.com/alsha/comments/feed/index.html]
[demo.7iquid.com/alsha/wp-json/oembed/1.0/embed6f51]
[demo.7iquid.com/alsha/wp-content/plugins/pxltheme-core/assets/css/main8a54.css]
[demo.7iquid.com/alsha/wp-content/plugins/contact-form-7/includes/css/stylesc098.css]
[demo.7iquid.com/alsha/wp-content/uploads/elementor/css/custom-frontend.min63f1.css]
[demo.7iquid.com/alsha/wp-content/uploads/elementor/css/post-863f1.css]
[demo.7iquid.com/alsha/wp-content/plugins/elementor/assets/lib/swiper/v8/css/swiper.min94a4.css]
[demo.7iquid.com/alsha/wp-content/plugins/elementor/assets/css/conditionals/e-swiper.mineda1.css]
[demo.7iquid.com/alsha/wp-content/plugins/elementor/assets/css/widget-video.mineda1.css]
[demo.7iquid.com/alsha/wp-content/uploads/elementor/css/post-12233fc4.css]
[demo.7iquid.com/alsha/wp-content/uploads/elementor/css/base-desktop1bb9.css]
[demo.7iquid.com/alsha/wp-content/uploads/elementor/css/local-1223-frontend-desktopd1fe.css]
[demo.7iquid.com/alsha/wp-content/uploads/elementor/css/local-1223-frontend-mobiled1fe.css]
[demo.7iquid.com/alsha/wp-content/uploads/elementor/css/post-35363fc4.css]
[demo.7iquid.com/alsha/wp-content/uploads/elementor/css/post-557663f1.css]
[demo.7iquid.com/alsha/wp-content/uploads/elementor/css/post-42453fc4.css]
[demo.7iquid.com/alsha/wp-content/themes/alsha/assets/css/style5152.css]
[demo.7iquid.com/alsha/wp-content/plugins/newsletter/style5b6a.css]
[demo.7iquid.com/alsha/wp-includes/js/jquery/jquery.minf43b.js]
[demo.7iquid.com/alsha/wp-includes/js/jquery/jquery-migrate.min5589.js]
[demo.7iquid.com/alsha/wp-content/plugins/pxltheme-core/assets/js/libs/waypoints.minc1b4.js]
[demo.7iquid.com/alsha/wp-content/themes/alsha/assets/js/lib/gsap.min03ec.js]
[demo.7iquid.com/alsha/wp-content/themes/alsha/assets/js/lib/swiper.min466b.js]
[demo.7iquid.com/alsha/wp-content/themes/alsha/assets/js/lib/ScrollTrigger.min03ec.js]
[demo.7iquid.com/alsha/wp-json/wp/v2/pages/1223.json]
[demo.7iquid.com/alsha/wp-json/index.html]
[demo.7iquid.com/alsha/wp-content/uploads/2026/04/MainLogo.png]
[demo.7iquid.com/alsha/wp-content/uploads/2026/06/home1SlideBG.webp]
[demo.7iquid.com/alsha/wp-content/uploads/2026/05/faqsImage01.webp]
[demo.7iquid.com/alsha/wp-content/uploads/2026/05/ourTeam03-scaled.webp]
[demo.7iquid.com/alsha/wp-content/uploads/2026/06/footer-deco-1.png]
[demo.7iquid.com/alsha/wp-content/uploads/2026/06/home01Image.webp]
[demo.7iquid.com/alsha/wp-content/uploads/elementor/thumbs/projectImage04-rpzirxk8p6td094g3gkdrmr122lit3j2maer7g9go0.webp]
[demo.7iquid.com/alsha/about-us/index.html]
[demo.7iquid.com/alsha/wp-content/uploads/2026/06/img.png]
[demo.7iquid.com/alsha/wp-content/uploads/elementor/thumbs/serviceImage03-rpzirxk8p6td094g3gkdrmr122lit3j2maer7g9go0.webp]
[demo.7iquid.com/alsha/process/index.html]
[demo.7iquid.com/alsha/about-me/index.html]
[demo.7iquid.com/alsha/pricing-plans/index.html]
[demo.7iquid.com/alsha/faqs/index.html]
[demo.7iquid.com/alsha/our-team/index.html]
[demo.7iquid.com/alsha/team-details/index.html]
[demo.7iquid.com/alsha/our-service/index.html]
[demo.7iquid.com/alsha/project-standard/index.html]
[demo.7iquid.com/alsha/service-details/index.html]
[demo.7iquid.com/alsha/project-grid-wide/index.html]
[demo.7iquid.com/alsha/project-gallery/index.html]
[demo.7iquid.com/alsha/project-grid/index.html]
[demo.7iquid.com/alsha/project-full-width/index.html]
[demo.7iquid.com/alsha/project-carousel/index.html]
[demo.7iquid.com/alsha/project-masonry/index.html]
[demo.7iquid.com/alsha/project/hillside-private-residence/index.html]
[demo.7iquid.com/alsha/project/minimalist-urban-loft/index.html]
[demo.7iquid.com/alsha/project/urban-courtyard-retreat/index.html]
[demo.7iquid.com/alsha/blog-list/index.html]
[demo.7iquid.com/alsha/project/modern-light-filled-apartment/index.html]
[demo.7iquid.com/alsha/blog-column/index.html]
[demo.7iquid.com/alsha/contact/index.html]
[demo.7iquid.com/alsha/blog/index.html]
[demo.7iquid.com/alsha/2026/04/27/designing-light-filled-homes-with-purpose/index.html]
[demo.7iquid.com/alsha/wp-content/uploads/elementor/thumbs/ourTeam03-scaled-rpzirxk746dqand6f49elzm1xf911uis5f2924z19y.webp]
[demo.7iquid.com/alsha/wp-content/uploads/elementor/thumbs/serviceItemImage-rpzirxk8p6td094g3gkdrmr122lit3j2maer7g9go0.webp]
[demo.7iquid.com/alsha/wp-content/uploads/elementor/thumbs/home01Image02-rpzirxk746dqand6f49elzm1xf911uis5f2924z19y.webp]
[demo.7iquid.com/alsha/wp-content/uploads/2026/04/Modern-Villa-Escape.webp]
[demo.7iquid.com/alsha/wp-content/uploads/elementor/thumbs/Modern-Villa-Escape-rpzirxkbo71hx5e7no1qoxwth0y9mox8ozu9wb30to.webp]
[demo.7iquid.com/alsha/wp-content/uploads/2026/04/Coastal-Living-House.webp]
[demo.7iquid.com/alsha/project-category/building/index.html]
[demo.7iquid.com/alsha/wp-content/uploads/elementor/thumbs/Coastal-Living-House-rpzirxkbo71hx5e7no1qoxwth0y9mox8ozu9wb30to.webp]
[demo.7iquid.com/alsha/wp-content/uploads/2026/04/Minimalist-Urban-Loft.webp]
[demo.7iquid.com/alsha/project-category/commercial/index.html]
[demo.7iquid.com/alsha/project/coastal-living-house/index.html]
[demo.7iquid.com/alsha/project-category/apartment/index.html]
[demo.7iquid.com/alsha/project/modern-villa-escape/index.html]
[demo.7iquid.com/alsha/wp-content/uploads/elementor/thumbs/Minimalist-Urban-Loft-rpzirxkbo71hx5e7no1qoxwth0y9mox8ozu9wb30to.webp]
[demo.7iquid.com/alsha/wp-content/uploads/2026/04/projectImage05.webp]
[demo.7iquid.com/alsha/wp-content/uploads/elementor/thumbs/projectImage05-rpzirxkbo71hx5e7no1qoxwth0y9mox8ozu9wb30to.webp]
[demo.7iquid.com/alsha/wp-content/uploads/elementor/thumbs/Lucas-Bennett-rpzirxk7q3rgatcwye1jug24ig3sdeib8drx65xmbo.webp]
[demo.7iquid.com/alsha/wp-content/uploads/elementor/thumbs/Alexander-Moore-rpzirxk7q3rgatcwye1jug24ig3sdeib8drx65xmbo.webp]
[demo.7iquid.com/alsha/wp-content/uploads/elementor/thumbs/Ethan-Caldwell-rpzirxk7q3rgatcwye1jug24ig3sdeib8drx65xmbo.webp]
[demo.7iquid.com/alsha/project/quiet-courtyard-home/index.html]
[demo.7iquid.com/alsha/wp-content/uploads/2026/05/clientLogo01.png]
[demo.7iquid.com/alsha/wp-content/uploads/2026/05/clientLogo02.png]
[demo.7iquid.com/alsha/project-category/private-house/index.html]
[demo.7iquid.com/alsha/project-category/interior-architecture/index.html]
[demo.7iquid.com/alsha/wp-content/uploads/2026/05/clientLogo03.png]
[demo.7iquid.com/alsha/wp-content/uploads/2026/05/clientLogo04.png]
[demo.7iquid.com/alsha/wp-content/uploads/2026/05/clientLogo05.png]
[demo.7iquid.com/alsha/wp-content/uploads/2026/05/13470975_1920_1080_24fps.mp4]
[demo.7iquid.com/alsha/wp-content/uploads/elementor/thumbs/Alexander-Moore-rpzirxkbomstsqbciegksda6l00jaoyg0yvv9qicd6.webp]
[demo.7iquid.com/alsha/wp-content/uploads/elementor/thumbs/Lucas-Bennett-rpzirxkbomstsqbciegksda6l00jaoyg0yvv9qicd6.webp]
[demo.7iquid.com/alsha/wp-content/uploads/elementor/thumbs/Ethan-Caldwell-rpzirxkbomstsqbciegksda6l00jaoyg0yvv9qicd6.webp]
[demo.7iquid.com/alsha/wp-content/uploads/elementor/thumbs/teamMember4-rpzirxkbomstsqbciegksda6l00jaoyg0yvv9qicd6.webp]
[demo.7iquid.com/alsha/wp-content/uploads/elementor/thumbs/teamMember5-rpzirxkbomstsqbciegksda6l00jaoyg0yvv9qicd6.webp]
[demo.7iquid.com/alsha/wp-content/uploads/elementor/thumbs/aboutME01-rpzirxk9uuokis2zub02qd9zg2yzdg5qxnje6e2jow.webp]
[demo.7iquid.com/alsha/wp-content/uploads/elementor/thumbs/home01Image02-rpzirxk9uuokis2zub02qd9zg2yzdg5qxnje6e2jow.webp]
[demo.7iquid.com/alsha/wp-content/uploads/elementor/thumbs/Soft-Minimal-Residence-rpzirxkfee2fsb2mqq7pcb1cx96mmaau9gv01cb1ls.webp]
[demo.7iquid.com/alsha/wp-content/uploads/elementor/thumbs/projectImage06-rpzirxkfee2fsb2mqq7pcb1cx96mmaau9gv01cb1ls.webp]
[demo.7iquid.com/alsha/wp-content/uploads/elementor/thumbs/Minimalist-Urban-Loft-rpzirxkfee2fsb2mqq7pcb1cx96mmaau9gv01cb1ls.webp]
[demo.7iquid.com/alsha/wp-content/uploads/2026/06/logoWhite.png]
[demo.7iquid.com/alsha/wp-content/uploads/elementor/css/post-3759df4e.css]
[demo.7iquid.com/alsha/index729c.html]
[demo.7iquid.com/alsha/wp-content/uploads/elementor/css/post-5784df4e.css]
[demo.7iquid.com/alsha/wp-content/uploads/elementor/css/post-5788df4e.css]
[demo.7iquid.com/alsha/indexc868.html]
[demo.7iquid.com/alsha/wp-content/plugins/elementor/assets/lib/animations/styles/e-animation-shrink.mineda1.css]
[demo.7iquid.com/alsha/wp-content/uploads/elementor/css/post-354363f1.css]
[demo.7iquid.com/alsha/index79f8.html]
[demo.7iquid.com/alsha/wp-content/uploads/elementor/css/post-35885a8d.css]
[demo.7iquid.com/alsha/wp-content/plugins/pxltheme-core/assets/js/main8a54.js]
[demo.7iquid.com/alsha/indexd096.html]
[demo.7iquid.com/alsha/wp-includes/js/dist/hooks.min4ce2.js]
[demo.7iquid.com/alsha/wp-includes/js/dist/i18n.min99af.js]
[demo.7iquid.com/alsha/category/interior/index.html]
[demo.7iquid.com/alsha/index190e.html]
[demo.7iquid.com/alsha/wp-content/plugins/contact-form-7/includes/swv/js/indexc098.js]
[demo.7iquid.com/alsha/category/urban/index.html]
[demo.7iquid.com/alsha/category/architecture/index.html]
[demo.7iquid.com/alsha/category/design/index.html]
[demo.7iquid.com/alsha/2026/04/27/designing-spaces-that-endure-time-and-context/index.html]
[demo.7iquid.com/alsha/index5293.html]
[demo.7iquid.com/alsha/2026/04/27/designing-architecture-with-purpose-and-precision-3/index.html]
[demo.7iquid.com/alsha/index6879.html]
[demo.7iquid.com/alsha/wp-content/plugins/contact-form-7/includes/js/indexc098.js]
[demo.7iquid.com/alsha/wp-content/plugins/elementor/assets/js/webpack.runtime.mineda1.js]
[demo.7iquid.com/alsha/wp-content/plugins/elementor/assets/js/frontend-modules.mineda1.js]
[demo.7iquid.com/alsha/wp-includes/js/jquery/ui/core.min0a10.js]
[demo.7iquid.com/alsha/wp-content/plugins/elementor/assets/js/frontend.mineda1.js]
[demo.7iquid.com/alsha/wp-content/plugins/pxltheme-core/assets/js/libs/swiper/v8/swiper.min94a4.js]
[demo.7iquid.com/alsha/wp-content/themes/alsha/assets/js/lib/lenis.min5152.js]
[demo.7iquid.com/alsha/wp-content/themes/alsha/assets/js/lib/jquery.magnific-popup.minf488.js]
[demo.7iquid.com/alsha/wp-content/themes/alsha/assets/js/theme5152.js]
[demo.7iquid.com/alsha/wp-content/themes/alsha/assets/js/lib/ScrollToPlugin.min03ec.js]
[demo.7iquid.com/alsha/wp-content/themes/alsha/assets/js/elementor/accordion5152.js]
[demo.7iquid.com/alsha/wp-content/themes/alsha/assets/js/elementor/carousel-el5152.js]
[demo.7iquid.com/alsha/wp-content/themes/alsha/assets/js/elementor/project-carousel-el5152.js]
[demo.7iquid.com/alsha/wp-content/themes/alsha/assets/js/elementor/tabs5152.js]
[demo.7iquid.com/alsha/wp-content/themes/alsha/assets/js/elementor/counter5152.js]
[demo.7iquid.com/alsha/wp-content/themes/alsha/assets/js/elementor/testimonial-carousel-el5152.js]
[demo.7iquid.com/alsha/wp-content/themes/alsha/assets/js/lib/SplitText.min03ec.js]
[demo.7iquid.com/alsha/wp-content/themes/alsha/assets/js/elementor/title5152.js]
[demo.7iquid.com/alsha/wp-content/themes/alsha/assets/js/elementor/entrance-animation5152.js]
[demo.7iquid.com/alsha/wp-content/themes/alsha/assets/js/elementor/title-scroll-effect5152.js]
[demo.7iquid.com/alsha/wp-content/themes/alsha/assets/js/elementor/image-carousel-el5152.js]
[demo.7iquid.com/alsha/wp-content/themes/alsha/assets/js/elementor/team-carousel-el5152.js]
[demo.7iquid.com/alsha/wp-content/themes/alsha/assets/js/elementor/slides-el5152.js]
[demo.7iquid.com/alsha/wp-content/themes/alsha/assets/js/elementor/card-horizontal-scroll-el5152.js]
[demo.7iquid.com/alsha/wp-content/themes/alsha/assets/js/elementor/project-showcase-el5152.js]
[demo.7iquid.com/alsha/wp-content/themes/alsha/assets/js/elementor/posts-el5152.js]
[demo.7iquid.com/alsha/wp-content/themes/alsha/assets/js/elementor/menu-el5152.js]
[demo.7iquid.com/alsha/wp-content/themes/alsha/assets/js/elementor/image-el5152.js]
[demo.7iquid.com/alsha/wp-content/themes/alsha/assets/js/elementor/item-scroll-animation5152.js]
[demo.7iquid.com/alsha/wp-content/plugins/newsletter/main5b6a.js]
[demo.7iquid.com/alsha/wp-content/themes/alsha/assets/js/post-orderby5152.js]
[demo.7iquid.com/alsha/index.html]
[demo.7iquid.com/alsha/wp-content/plugins/pxltheme-core/assets/css/main8a54.css]
[demo.7iquid.com/alsha/wp-content/plugins/contact-form-7/includes/css/stylesc098.css]
[demo.7iquid.com/alsha/wp-content/uploads/elementor/css/custom-frontend.min63f1.css]
[demo.7iquid.com/alsha/wp-content/uploads/elementor/css/post-863f1.css]
[demo.7iquid.com/alsha/wp-content/plugins/elementor/assets/lib/swiper/v8/css/swiper.min94a4.css]
[demo.7iquid.com/alsha/wp-content/plugins/elementor/assets/css/conditionals/e-swiper.mineda1.css]
[demo.7iquid.com/alsha/wp-content/plugins/elementor/assets/css/widget-video.mineda1.css]
[demo.7iquid.com/alsha/wp-content/themes/alsha/assets/js/elementor/popup-close-button-el5152.js]
[demo.7iquid.com/alsha/wp-content/uploads/2026/05/ourTeamBG2.webp]
[demo.7iquid.com/alsha/wp-content/uploads/2026/04/Soft-Minimal-Residence.webp]
[demo.7iquid.com/alsha/wp-content/uploads/2026/06/home01BG.png]
[demo.7iquid.com/alsha/wp-content/uploads/elementor/css/post-12233fc4.css]
[demo.7iquid.com/alsha/wp-content/uploads/elementor/css/base-desktop1bb9.css]
[demo.7iquid.com/alsha/wp-content/uploads/elementor/css/local-1223-frontend-desktopd1fe.css]
[demo.7iquid.com/alsha/wp-content/uploads/elementor/css/local-1223-frontend-mobiled1fe.css]
[demo.7iquid.com/alsha/wp-content/uploads/elementor/css/post-35363fc4.css]
[demo.7iquid.com/alsha/wp-content/uploads/elementor/css/post-557663f1.css]
[demo.7iquid.com/alsha/wp-content/uploads/elementor/css/post-42453fc4.css]
[demo.7iquid.com/alsha/wp-content/uploads/2026/06/home01BG02.png]
[demo.7iquid.com/alsha/wp-content/themes/alsha/assets/css/style5152.css]
[demo.7iquid.com/alsha/wp-content/plugins/newsletter/style5b6a.css]
[demo.7iquid.com/alsha/wp-content/themes/alsha/assets/svg/angle-down-solid.svg]
[demo.7iquid.com/alsha/wp-json/oembed/1.0/embed8b99.json]
[demo.7iquid.com/alsha/wp-json/oembed/1.0/embedea05]
[demo.7iquid.com/alsha/wp-content/uploads/elementor/css/custom-widget-progress.min63f1.css]
[demo.7iquid.com/alsha/wp-content/uploads/elementor/css/post-3200be6a.css]
[demo.7iquid.com/alsha/wp-content/uploads/elementor/css/local-3200-frontend-desktop5955.css]
[demo.7iquid.com/alsha/wp-content/uploads/elementor/css/local-3200-frontend-laptop5955.css]
[demo.7iquid.com/alsha/wp-content/uploads/elementor/css/local-3200-frontend-tablet_extra5955.css]
[demo.7iquid.com/alsha/wp-content/uploads/elementor/css/local-3200-frontend-mobile_extra5955.css]
[demo.7iquid.com/alsha/wp-content/uploads/elementor/css/post-32963f1.css]
[demo.7iquid.com/alsha/wp-content/uploads/elementor/css/post-38563f1.css]
[demo.7iquid.com/alsha/wp-json/wp/v2/pages/3200.json]
[demo.7iquid.com/alsha/wp-content/uploads/elementor/thumbs/service-Image-rpzirxkczzv17mgynx1sq1t3bwa1scr55sslu7b1q0.webp]
[demo.7iquid.com/alsha/wp-content/uploads/elementor/thumbs/blogimage05-rpzirxk9gdmnypsh19acljg6txifp2uqsq198mt3nc.webp]
[demo.7iquid.com/alsha/wp-content/uploads/elementor/thumbs/service-Image-02-rpzirxkczzv17mgynx1sq1t3bwa1scr55sslu7b1q0.webp]
[demo.7iquid.com/alsha/wp-content/uploads/elementor/thumbs/projectImage07-rpzirxk97lwrkegzj3hpsgpqrg35vhu35o4jcru6wo.webp]
[demo.7iquid.com/alsha/wp-content/uploads/elementor/thumbs/processImage03-rpzirxk7c2kjlcu6gr80tvq9hkpm30hn6ereof72ng.webp]
[demo.7iquid.com/alsha/wp-content/uploads/2026/05/awardLogo01.png]
[demo.7iquid.com/alsha/wp-content/uploads/2026/05/awardLogo02.png]
[demo.7iquid.com/alsha/wp-content/uploads/2026/05/awardLogo03.png]
[demo.7iquid.com/alsha/wp-content/uploads/elementor/thumbs/testimonialImage-rpzirxkbdo31r1t96wlold36gxe2j07x3b1xjhsdac.webp]
[demo.7iquid.com/alsha/wp-content/uploads/elementor/thumbs/AboutUs02-rpzirxkbdo31r1t96wlold36gxe2j07x3b1xjhsdac.webp]
[demo.7iquid.com/alsha/wp-content/uploads/elementor/thumbs/testimonialImage-rpzirxkcjbyzgeyw34jq2sojr26ibozb4qezwmcmac.webp]
[demo.7iquid.com/alsha/wp-content/uploads/elementor/thumbs/blogAuthorAvatar-rpzirxk7q3rgatcwye1jug24ig3sdeib8drx65xmbo.jpg]
[demo.7iquid.com/alsha/wp-content/uploads/2026/06/testimonialIMG02.png]
[demo.7iquid.com/alsha/wp-content/uploads/2026/06/testimonialIMG01.png]
[demo.7iquid.com/alsha/wp-content/uploads/2026/05/clientLogo06.png]
[demo.7iquid.com/alsha/wp-content/uploads/2026/05/clientLogo07.png]
[demo.7iquid.com/alsha/wp-content/uploads/2026/05/clientLogo08.png]
[demo.7iquid.com/alsha/wp-content/uploads/2026/05/clientLogo09.png]
[demo.7iquid.com/alsha/wp-content/uploads/elementor/css/post-29463f1.css]
[demo.7iquid.com/alsha/wp-content/uploads/elementor/css/post-3239b783.css]
[demo.7iquid.com/alsha/wp-content/themes/alsha/assets/js/elementor/process-carousel-el5152.js]
[demo.7iquid.com/alsha/wp-content/themes/alsha/assets/js/lib/gsap-infinite-loop.min5152.js]
[demo.7iquid.com/alsha/wp-includes/js/imagesloaded.minbb93.js]
[demo.7iquid.com/alsha/wp-content/themes/alsha/assets/js/elementor/infinite-silde5152.js]
[demo.7iquid.com/alsha/about-us/index.html]
[demo.7iquid.com/alsha/wp-content/themes/alsha/assets/js/elementor/background5152.js]
[demo.7iquid.com/alsha/wp-json/oembed/1.0/embed20b2.json]
[demo.7iquid.com/alsha/wp-json/oembed/1.0/embed0da3]
[demo.7iquid.com/alsha/wp-content/uploads/elementor/css/post-3020be6a.css]
[demo.7iquid.com/alsha/wp-json/wp/v2/pages/3020.json]
[demo.7iquid.com/alsha/wp-content/uploads/2026/04/Lucas-Bennett.webp]
[demo.7iquid.com/alsha/wp-content/uploads/2026/04/Designing-Architecture-with-Purp.webp]
[demo.7iquid.com/alsha/wp-content/uploads/2026/05/faqsImage02.webp]
[demo.7iquid.com/alsha/wp-content/uploads/2026/05/serviceImage04.webp]
[demo.7iquid.com/alsha/wp-content/uploads/elementor/thumbs/Modern-Villa-Escape-rpzirxkccr4vld5dxbpkir5vrewezh5wwxbgw6045w.webp]
[demo.7iquid.com/alsha/wp-content/uploads/elementor/thumbs/Coastal-Living-House-rpzirxkccr4vld5dxbpkir5vrewezh5wwxbgw6045w.webp]
[demo.7iquid.com/alsha/wp-content/uploads/elementor/thumbs/Minimalist-Urban-Loft-rpzirxkccr4vld5dxbpkir5vrewezh5wwxbgw6045w.webp]
[demo.7iquid.com/alsha/wp-content/uploads/elementor/thumbs/aboutME01-rpzirxkgk1ynpyweszhz3ajqeb761x1tlmyzey4s4k.webp]
[demo.7iquid.com/alsha/about-me/index.html]
[demo.7iquid.com/alsha/wp-content/themes/alsha/assets/js/elementor/project-el5152.js]
[demo.7iquid.com/alsha/wp-json/oembed/1.0/embed76cf.json]
[demo.7iquid.com/alsha/wp-json/oembed/1.0/embed4239]
[demo.7iquid.com/alsha/wp-content/uploads/elementor/css/post-291368d5.css]
[demo.7iquid.com/alsha/wp-json/wp/v2/pages/2913.json]
[demo.7iquid.com/alsha/wp-content/uploads/2026/05/processImage01.webp]
[demo.7iquid.com/alsha/wp-content/uploads/2026/05/serviceImage06.webp]
[demo.7iquid.com/alsha/wp-content/uploads/2026/05/testimonialImage.webp]
[demo.7iquid.com/alsha/wp-content/uploads/2026/04/contnact-image-4.webp]
[demo.7iquid.com/alsha/wp-content/uploads/2026/05/processImage02.webp]
[demo.7iquid.com/alsha/wp-content/uploads/2026/05/processImage03.webp]
[demo.7iquid.com/alsha/wp-content/uploads/2026/05/processImage04.webp]
[demo.7iquid.com/alsha/process/index.html]
[demo.7iquid.com/alsha/wp-content/themes/alsha/assets/js/elementor/process-el5152.js]
[demo.7iquid.com/alsha/wp-json/oembed/1.0/embed0b8d.json]
[demo.7iquid.com/alsha/wp-json/oembed/1.0/embed4395]
[demo.7iquid.com/alsha/wp-content/uploads/elementor/css/post-283468d5.css]
[demo.7iquid.com/alsha/wp-json/wp/v2/pages/2834.json]
[demo.7iquid.com/alsha/wp-content/uploads/elementor/thumbs/blogImage04-rpzirxkczzv17mgynx1sq1t3bwa1scr55sslu7b1q0.webp]
[demo.7iquid.com/alsha/wp-content/uploads/elementor/thumbs/blogimage06-rpzirxkczzv17mgynx1sq1t3bwa1scr55sslu7b1q0.webp]
[demo.7iquid.com/alsha/wp-content/uploads/2026/04/projectImage07.webp]
[demo.7iquid.com/alsha/wp-content/uploads/2026/05/aboutME01.webp]
[demo.7iquid.com/alsha/wp-content/uploads/2026/06/serviceItemImage.webp]
[demo.7iquid.com/alsha/wp-content/uploads/2026/05/serviceImage05.webp]
[demo.7iquid.com/alsha/wp-content/uploads/elementor/css/post-285668d5.css]
[demo.7iquid.com/alsha/wp-content/uploads/elementor/css/post-28911785.css]
[demo.7iquid.com/alsha/wp-content/uploads/elementor/css/post-28941785.css]
[demo.7iquid.com/alsha/pricing-plans/index.html]
[demo.7iquid.com/alsha/wp-content/uploads/elementor/css/post-29001785.css]
[demo.7iquid.com/alsha/wp-json/oembed/1.0/embed8bd2.json]
[demo.7iquid.com/alsha/wp-json/oembed/1.0/embedd60c]
[demo.7iquid.com/alsha/wp-content/uploads/elementor/css/post-27201785.css]
[demo.7iquid.com/alsha/wp-json/wp/v2/pages/2720.json]
[demo.7iquid.com/alsha/wp-content/uploads/elementor/thumbs/faqsImage01-rpzirxkczzv17mgynx1sq1t3bwa1scr55sslu7b1q0.webp]
[demo.7iquid.com/alsha/wp-content/uploads/elementor/thumbs/faqsImage02-rpzirxk9gdmnypsh19acljg6txifp2uqsq198mt3nc.webp]
[demo.7iquid.com/alsha/wp-content/uploads/elementor/thumbs/faqsImage03-rpzirxkczzv17mgynx1sq1t3bwa1scr55sslu7b1q0.webp]
[demo.7iquid.com/alsha/faqs/index.html]
[demo.7iquid.com/alsha/wp-json/oembed/1.0/embed86e7.json]
[demo.7iquid.com/alsha/wp-json/oembed/1.0/embed9893]
[demo.7iquid.com/alsha/wp-content/uploads/elementor/css/post-24676bd3.css]
[demo.7iquid.com/alsha/wp-content/themes/alsha/assets/css/masonry.min5152.css]
[demo.7iquid.com/alsha/wp-content/plugins/pxltheme-core/assets/js/libs/isotope.pkgd.min7c45.js]
[demo.7iquid.com/alsha/wp-json/wp/v2/pages/2467.json]
[demo.7iquid.com/alsha/wp-content/uploads/elementor/thumbs/ourTeam01-rpzirxkczzv17mgynx1sq1t3bwa1scr55sslu7b1q0.webp]
[demo.7iquid.com/alsha/wp-content/uploads/elementor/thumbs/ourTeam02-rpzirxk9gdmnypsh19acljg6txifp2uqsq198mt3nc.webp]
[demo.7iquid.com/alsha/wp-content/uploads/2026/04/projectImage03.png]
[demo.7iquid.com/alsha/wp-content/uploads/elementor/thumbs/ourTeam03-scaled-rpzirxk71zg3gtoi89zcx4p1eixfn04342uh7y045q.webp]
[demo.7iquid.com/alsha/wp-content/uploads/elementor/thumbs/projectImage07-rpzirxk8x2zowuusyfneqheqagdj99bfftfr3pxrus.webp]
[demo.7iquid.com/alsha/wp-content/uploads/elementor/thumbs/teamMember6-rpzirxkbomstsqbciegksda6l00jaoyg0yvv9qicd6.webp]
[demo.7iquid.com/alsha/wp-content/themes/alsha/assets/js/elementor/team-el5152.js]
[demo.7iquid.com/alsha/wp-content/themes/alsha/assets/js/lib/matter5152.js]
[demo.7iquid.com/alsha/our-team/index.html]
[demo.7iquid.com/alsha/wp-content/themes/alsha/assets/js/elementor/physical-item-el5152.js]
[demo.7iquid.com/alsha/wp-json/oembed/1.0/embed6065.json]
[demo.7iquid.com/alsha/wp-json/oembed/1.0/embedacde]
[demo.7iquid.com/alsha/wp-content/uploads/elementor/css/post-24016bd3.css]
[demo.7iquid.com/alsha/wp-json/wp/v2/pages/2401.json]
[demo.7iquid.com/alsha/wp-content/uploads/elementor/thumbs/Alexander-Moore-rpzirxk9o9tqvmew0nff867i66ue87ngn9470ep6dg.webp]
[demo.7iquid.com/alsha/team-details/index.html]
[demo.7iquid.com/alsha/wp-json/oembed/1.0/embed505f.json]
[demo.7iquid.com/alsha/wp-json/oembed/1.0/embed4aab]
[demo.7iquid.com/alsha/wp-content/uploads/elementor/css/post-20536bd3.css]
[demo.7iquid.com/alsha/wp-json/wp/v2/pages/2053.json]
[demo.7iquid.com/alsha/wp-content/uploads/2026/04/Hillside-Private-Residence.webp]
[demo.7iquid.com/alsha/wp-content/uploads/2026/05/serviceImage03.webp]
[demo.7iquid.com/alsha/wp-content/uploads/2026/04/projectImage03.webp]
[demo.7iquid.com/alsha/wp-content/uploads/elementor/thumbs/serviceImage05-rpzirxk8ksy02qz7tlthtks759egkv73bup5lsh86o.webp]
[demo.7iquid.com/alsha/wp-content/uploads/elementor/thumbs/serviceImage06-rpzirxk8ksy02qz7tlthtks759egkv73bup5lsh86o.webp]
[demo.7iquid.com/alsha/wp-content/uploads/elementor/thumbs/projectImage07-rpzirxka1fheylekz7yyy8g0ze3che6psbmxhobt50.webp]
[demo.7iquid.com/alsha/our-service/index.html]
[demo.7iquid.com/alsha/wp-content/uploads/elementor/thumbs/serviceImage07-scaled-rpzirxk81i9isx36r6ojcos7l3df9fx537je3jb7xe.webp]
[demo.7iquid.com/alsha/wp-json/oembed/1.0/embed829c.json]
[demo.7iquid.com/alsha/wp-json/oembed/1.0/embeda423]
[demo.7iquid.com/alsha/wp-content/uploads/elementor/css/post-1788d921.css]
[demo.7iquid.com/alsha/wp-json/wp/v2/pages/1788.json]
[demo.7iquid.com/alsha/wp-content/uploads/2026/05/serviceDetailsImage.webp]
[demo.7iquid.com/alsha/wp-content/uploads/elementor/thumbs/serviceDetailsImage1-rpzirxkbtgivqg1hpclnqbk1hcp54zffmez1fxyjiw.webp]
[demo.7iquid.com/alsha/wp-content/uploads/elementor/thumbs/projectImage07-rpzirxk98hhexn09etozu6vibuseo3tmwtg56zj8n4.webp]
[demo.7iquid.com/alsha/wp-content/uploads/elementor/thumbs/serviceDetailsImage2-rpzirxk6b8cfew98miep5vdt6zao0obw4motpz16r8.png]
[demo.7iquid.com/alsha/service-details/index.html]
[demo.7iquid.com/alsha/wp-content/uploads/elementor/thumbs/serviceDetailsImage3-rpzirxk6czhv25hm883g3twjmbiyppkvgk94ab6vm0.png]
[demo.7iquid.com/alsha/wp-json/oembed/1.0/embed7fa9.json]
[demo.7iquid.com/alsha/wp-json/oembed/1.0/embed5a11]
[demo.7iquid.com/alsha/wp-content/uploads/elementor/css/post-118263f1.css]
[demo.7iquid.com/alsha/wp-json/wp/v2/pages/1182.json]
[demo.7iquid.com/alsha/wp-content/uploads/elementor/thumbs/projectImage05-rpzirxkccr4vld5dxbpkir5vrewezh5wwxbgw6045w.webp]
[demo.7iquid.com/alsha/wp-content/uploads/elementor/thumbs/Cliffside-Living-House-rpzirxkccr4vld5dxbpkir5vrewezh5wwxbgw6045w.webp]
[demo.7iquid.com/alsha/wp-content/uploads/elementor/thumbs/Soft-Minimal-Residence-rpzirxkccr4vld5dxbpkir5vrewezh5wwxbgw6045w.webp]
[demo.7iquid.com/alsha/project-standard/index.html]
[demo.7iquid.com/alsha/wp-json/oembed/1.0/embed004f.json]
[demo.7iquid.com/alsha/wp-json/oembed/1.0/embedfd11]
[demo.7iquid.com/alsha/project/cliffside-living-house/index.html]
[demo.7iquid.com/alsha/project/soft-minimal-residence/index.html]
[demo.7iquid.com/alsha/wp-content/uploads/elementor/css/post-11534f5a.css]
[demo.7iquid.com/alsha/wp-json/wp/v2/pages/1153.json]
[demo.7iquid.com/alsha/wp-content/uploads/elementor/thumbs/Modern-Villa-Escape-rpzirxk9o9u578jw1wi575aifvrc4c1agoyofh9npc.webp]
[demo.7iquid.com/alsha/wp-content/uploads/elementor/thumbs/Coastal-Living-House-rpzirxk9o9u578jw1wi575aifvrc4c1agoyofh9npc.webp]
[demo.7iquid.com/alsha/wp-content/uploads/elementor/thumbs/Minimalist-Urban-Loft-rpzirxk9o9u578jw1wi575aifvrc4c1agoyofh9npc.webp]
[demo.7iquid.com/alsha/wp-content/uploads/elementor/thumbs/projectImage05-rpzirxk9o9u578jw1wi575aifvrc4c1agoyofh9npc.webp]
[demo.7iquid.com/alsha/wp-content/uploads/elementor/thumbs/Cliffside-Living-House-rpzirxk9o9u578jw1wi575aifvrc4c1agoyofh9npc.webp]
[demo.7iquid.com/alsha/project-grid/index.html]
[demo.7iquid.com/alsha/wp-content/uploads/elementor/thumbs/Soft-Minimal-Residence-rpzirxk9o9u578jw1wi575aifvrc4c1agoyofh9npc.webp]
[demo.7iquid.com/alsha/wp-json/oembed/1.0/embed0404.json]
[demo.7iquid.com/alsha/wp-json/oembed/1.0/embeda6d2]
[demo.7iquid.com/alsha/wp-content/uploads/elementor/css/post-11034f5a.css]
[demo.7iquid.com/alsha/wp-json/wp/v2/pages/1103.json]
[demo.7iquid.com/alsha/wp-content/uploads/elementor/thumbs/Modern-Villa-Escape-rpzirxkc8d9kpiql32txfes1vzjrvu11vu5nhsvdl4.webp]
[demo.7iquid.com/alsha/wp-content/uploads/elementor/thumbs/Coastal-Living-House-rpzirxkc8d9kpiql32txfes1vzjrvu11vu5nhsvdl4.webp]
[demo.7iquid.com/alsha/wp-content/uploads/elementor/thumbs/Minimalist-Urban-Loft-rpzirxkc8d9kpiql32txfes1vzjrvu11vu5nhsvdl4.webp]
[demo.7iquid.com/alsha/wp-content/uploads/elementor/thumbs/projectImage05-rpzirxkc8d9kpiql32txfes1vzjrvu11vu5nhsvdl4.webp]
[demo.7iquid.com/alsha/wp-content/uploads/elementor/thumbs/Cliffside-Living-House-rpzirxkc8d9kpiql32txfes1vzjrvu11vu5nhsvdl4.webp]
[demo.7iquid.com/alsha/wp-content/uploads/elementor/thumbs/Soft-Minimal-Residence-rpzirxkc8d9kpiql32txfes1vzjrvu11vu5nhsvdl4.webp]
[demo.7iquid.com/alsha/project-grid-wide/index.html]
[demo.7iquid.com/alsha/wp-json/oembed/1.0/embed9df7.json]
[demo.7iquid.com/alsha/wp-json/oembed/1.0/embed5405]
[demo.7iquid.com/alsha/wp-content/uploads/elementor/css/post-1161f6a1.css]
[demo.7iquid.com/alsha/wp-json/wp/v2/pages/1161.json]
[demo.7iquid.com/alsha/wp-content/uploads/elementor/thumbs/Modern-Villa-Escape-rpzirxkbzljd9g1zfu5d7p3eetrfko55n3oi456drg.webp]
[demo.7iquid.com/alsha/wp-content/uploads/elementor/thumbs/Coastal-Living-House-rpzirxkbzljd9g1zfu5d7p3eetrfko55n3oi456drg.webp]
[demo.7iquid.com/alsha/wp-content/uploads/elementor/thumbs/Minimalist-Urban-Loft-rpzirxkbzljd9g1zfu5d7p3eetrfko55n3oi456drg.webp]
[demo.7iquid.com/alsha/wp-content/uploads/elementor/thumbs/projectImage05-rpzirxkbzljd9g1zfu5d7p3eetrfko55n3oi456drg.webp]
[demo.7iquid.com/alsha/wp-content/uploads/elementor/thumbs/Cliffside-Living-House-rpzirxkbzljd9g1zfu5d7p3eetrfko55n3oi456drg.webp]
[demo.7iquid.com/alsha/project-gallery/index.html]
[demo.7iquid.com/alsha/wp-content/uploads/elementor/thumbs/Soft-Minimal-Residence-rpzirxkbzljd9g1zfu5d7p3eetrfko55n3oi456drg.webp]
[demo.7iquid.com/alsha/wp-json/oembed/1.0/embedab01.json]
[demo.7iquid.com/alsha/wp-json/oembed/1.0/embed5360]
[demo.7iquid.com/alsha/wp-content/uploads/elementor/css/post-102451b1.css]
[demo.7iquid.com/alsha/project-full-width/index.html]
[demo.7iquid.com/alsha/wp-json/wp/v2/pages/1024.json]
[demo.7iquid.com/alsha/wp-json/oembed/1.0/embed90ff.json]
[demo.7iquid.com/alsha/wp-json/oembed/1.0/embed148d]
[demo.7iquid.com/alsha/wp-content/uploads/elementor/css/post-96163f1.css]
[demo.7iquid.com/alsha/wp-json/wp/v2/pages/961.json]
[demo.7iquid.com/alsha/wp-content/uploads/elementor/thumbs/Quiet-Courtyard-Home-rpzirxkjaq66v4ovlf4j5wv02sc9k1s3o6nxjdn5b6.webp]
[demo.7iquid.com/alsha/wp-content/uploads/elementor/thumbs/Coastal-Living-House-rpzirxkjaq66v4ovlf4j5wv02sc9k1s3o6nxjdn5b6.webp]
[demo.7iquid.com/alsha/wp-content/uploads/elementor/thumbs/Modern-Villa-Escape-rpzirxkjaq66v4ovlf4j5wv02sc9k1s3o6nxjdn5b6.webp]
[demo.7iquid.com/alsha/project-carousel/index.html]
[demo.7iquid.com/alsha/wp-content/uploads/elementor/thumbs/Soft-Minimal-Residence-rpzirxkjaq66v4ovlf4j5wv02sc9k1s3o6nxjdn5b6.webp]
[demo.7iquid.com/alsha/wp-json/oembed/1.0/embed108d.json]
[demo.7iquid.com/alsha/wp-json/oembed/1.0/embed3793]
[demo.7iquid.com/alsha/wp-content/uploads/elementor/css/post-88051b1.css]
[demo.7iquid.com/alsha/wp-json/wp/v2/pages/880.json]
[demo.7iquid.com/alsha/wp-content/uploads/2026/04/projectImage01.webp]
[demo.7iquid.com/alsha/wp-content/uploads/2026/04/Urban-Courtyard-Retreat.webp]
[demo.7iquid.com/alsha/wp-content/uploads/2026/04/Cliffside-Living-House.webp]
[demo.7iquid.com/alsha/project-masonry/index.html]
[demo.7iquid.com/alsha/wp-content/themes/alsha/assets/js/elementor/project-masonry-el5152.js]
[demo.7iquid.com/alsha/wp-json/oembed/1.0/embed7368.json]
[demo.7iquid.com/alsha/wp-json/oembed/1.0/embedbbf7]
[demo.7iquid.com/alsha/wp-content/uploads/elementor/css/post-9010590.css]
[demo.7iquid.com/alsha/wp-content/uploads/elementor/thumbs/Hillside-Private-Residence-rpzirxk9o9u46eooc3kirsi0f6u4k1fqc0osbtxwr2.webp]
[demo.7iquid.com/alsha/wp-content/uploads/elementor/thumbs/Quiet-Courtyard-Home-rpzirxk9o9u46eooc3kirsi0f6u4k1fqc0osbtxwr2.webp]
[demo.7iquid.com/alsha/wp-content/uploads/elementor/thumbs/Urban-Courtyard-Retreat-rpzirxk9o9u46eooc3kirsi0f6u4k1fqc0osbtxwr2.webp]
[demo.7iquid.com/alsha/project/minimalist-urban-loft/index.html]
[demo.7iquid.com/alsha/wp-content/themes/alsha/assets/js/elementor/copyClipboard5152.js]
[demo.7iquid.com/alsha/project/index.html]
[demo.7iquid.com/alsha/wp-json/oembed/1.0/embeda63d.json]
[demo.7iquid.com/alsha/wp-json/oembed/1.0/embed70b4]
[demo.7iquid.com/alsha/wp-content/plugins/elementor/assets/css/widget-image-carousel.mineda1.css]
[demo.7iquid.com/alsha/wp-content/uploads/elementor/css/post-517aab2.css]
[demo.7iquid.com/alsha/wp-content/uploads/elementor/thumbs/Hillside-Private-Residence-rpzirxkke729bv0e5ts5tyiex7hzty9g2h0jas6mr4.webp]
[demo.7iquid.com/alsha/wp-content/uploads/elementor/thumbs/projectImage02-rpzirxkke729bv0e5ts5tyiex7hzty9g2h0jas6mr4.webp]
[demo.7iquid.com/alsha/wp-content/uploads/elementor/thumbs/projectImage01-rpzirxkke729bv0e5ts5tyiex7hzty9g2h0jas6mr4.webp]
[demo.7iquid.com/alsha/wp-content/uploads/elementor/thumbs/projectImage04-rpzirxkcpwt66l7snkstmmtezufzn4vgwtvtlot7vk.webp]
[demo.7iquid.com/alsha/wp-content/uploads/elementor/thumbs/projectImage03-rpzirxkbdo33spjomigxg2o6ib8hnlf1cnlpqsfv6w.webp]
[demo.7iquid.com/alsha/wp-content/uploads/elementor/thumbs/projectImage05-rpzirxkjaq65uatnvm6wqk2i23f1zr6jjie1fqbecw.webp]
[demo.7iquid.com/alsha/wp-content/uploads/elementor/thumbs/projectImage06-rpzirxkjaq65uatnvm6wqk2i23f1zr6jjie1fqbecw.webp]
[demo.7iquid.com/alsha/wp-content/uploads/elementor/thumbs/Urban-Courtyard-Retreat-rpzirxk9o9u578jw1wi575aifvrc4c1agoyofh9npc.webp]
[demo.7iquid.com/alsha/project/urban-courtyard-retreat/index.html]
[demo.7iquid.com/alsha/wp-content/uploads/elementor/thumbs/projectImage01-rpzirxk9o9u578jw1wi575aifvrc4c1agoyofh9npc.webp]
[demo.7iquid.com/alsha/wp-json/oembed/1.0/embedb408.json]
[demo.7iquid.com/alsha/wp-json/oembed/1.0/embed6cbc]
[demo.7iquid.com/alsha/project/modern-light-filled-apartment/index.html]
[demo.7iquid.com/alsha/wp-content/uploads/elementor/css/post-515aab2.css]
[demo.7iquid.com/alsha/wp-json/oembed/1.0/embed41be.json]
[demo.7iquid.com/alsha/wp-json/oembed/1.0/embedd686]
[demo.7iquid.com/alsha/project/hillside-private-residence/index.html]
[demo.7iquid.com/alsha/wp-content/uploads/elementor/css/post-426b366.css]
[demo.7iquid.com/alsha/wp-json/oembed/1.0/embed28c4.json]
[demo.7iquid.com/alsha/wp-json/oembed/1.0/embedff59]
[demo.7iquid.com/alsha/wp-content/uploads/elementor/css/post-1570b366.css]
[demo.7iquid.com/alsha/wp-json/wp/v2/pages/1570.json]
[demo.7iquid.com/alsha/wp-content/uploads/elementor/thumbs/Shaping-Contemporary-Living-Thro-rpzirxkke730c5wga8u7hqm1131xwx9t3h2h6aeeag.webp]
[demo.7iquid.com/alsha/wp-content/uploads/elementor/thumbs/Material-Harmony-In-Modern-Home--rpzirxkke730c5wga8u7hqm1131xwx9t3h2h6aeeag.webp]
[demo.7iquid.com/alsha/wp-content/uploads/elementor/thumbs/Minimalist-Urban-Loft-rpzirxkke730c5wga8u7hqm1131xwx9t3h2h6aeeag.webp]
[demo.7iquid.com/alsha/2026/04/27/shaping-contemporary-living-through-spatial-clarity/index.html]
[demo.7iquid.com/alsha/2026/04/27/material-harmony-in-modern-home-design/index.html]
[demo.7iquid.com/alsha/wp-content/uploads/elementor/thumbs/Soft-Minimal-Residence-rpzirxk9o9tucud0nl052s3lu56icevyoqumk0eq0e.webp]
[demo.7iquid.com/alsha/wp-content/uploads/elementor/thumbs/projectImage06-rpzirxk9o9tucud0nl052s3lu56icevyoqumk0eq0e.webp]
[demo.7iquid.com/alsha/blog-column/index729c.html]
[demo.7iquid.com/alsha/category/residential/index.html]
[demo.7iquid.com/alsha/blog-column/indexc868.html]
[demo.7iquid.com/alsha/blog-column/index79f8.html]
[demo.7iquid.com/alsha/blog-column/index190e.html]
[demo.7iquid.com/alsha/blog-column/indexd096.html]
[demo.7iquid.com/alsha/wp-content/uploads/elementor/thumbs/Minimalist-Urban-Loft-rpzirxk9o9tucud0nl052s3lu56icevyoqumk0eq0e.webp]
[demo.7iquid.com/alsha/wp-content/uploads/elementor/thumbs/Designing-Architecture-with-Purp-rpzirxk9o9tucud0nl052s3lu56icevyoqumk0eq0e.webp]
[demo.7iquid.com/alsha/wp-content/uploads/elementor/thumbs/projectImage05-rpzirxk9o9tucud0nl052s3lu56icevyoqumk0eq0e.webp]
[demo.7iquid.com/alsha/wp-content/uploads/elementor/thumbs/Shaping-Contemporary-Living-Thro-rpzirxk9o9tucud0nl052s3lu56icevyoqumk0eq0e.webp]
[demo.7iquid.com/alsha/2026/04/27/designing-architecture-with-purpose-and-precision-2/index.html]
[demo.7iquid.com/alsha/blog-column/index.html]
[demo.7iquid.com/alsha/wp-content/themes/alsha/assets/js/elementor/post-carousel-el5152.js]
[demo.7iquid.com/alsha/wp-json/oembed/1.0/embed8ff3.json]
[demo.7iquid.com/alsha/blog-column/index6879.html]
[demo.7iquid.com/alsha/2026/04/27/designing-architecture-with-purpose-and-precision/index.html]
[demo.7iquid.com/alsha/wp-json/oembed/1.0/embedc1eb]
[demo.7iquid.com/alsha/wp-content/uploads/elementor/css/post-17195291.css]
[demo.7iquid.com/alsha/wp-json/wp/v2/pages/1719.json]
[demo.7iquid.com/alsha/wp-content/uploads/elementor/thumbs/Soft-Minimal-Residence-rpzirxkd7g9uhkk651yh6j2ixc3t1rr7e3riw603hg.webp]
[demo.7iquid.com/alsha/wp-content/uploads/elementor/thumbs/projectImage06-rpzirxkd7g9uhkk651yh6j2ixc3t1rr7e3riw603hg.webp]
[demo.7iquid.com/alsha/wp-content/uploads/elementor/thumbs/Minimalist-Urban-Loft-rpzirxkd7g9uhkk651yh6j2ixc3t1rr7e3riw603hg.webp]
[demo.7iquid.com/alsha/wp-content/uploads/elementor/thumbs/Designing-Architecture-with-Purp-rpzirxkd7g9uhkk651yh6j2ixc3t1rr7e3riw603hg.webp]
[demo.7iquid.com/alsha/blog-list/index.html]
[demo.7iquid.com/alsha/blog-list/index729c.html]
[demo.7iquid.com/alsha/wp-content/uploads/elementor/thumbs/Designing-Architecture-with-Purp-rpzirxkfee2fsb2mqq7pcb1cx96mmaau9gv01cb1ls.webp]
[demo.7iquid.com/alsha/blog-list/indexc868.html]
[demo.7iquid.com/alsha/blog-list/index79f8.html]
[demo.7iquid.com/alsha/wp-content/uploads/elementor/thumbs/projectImage05-rpzirxkfee2fsb2mqq7pcb1cx96mmaau9gv01cb1ls.webp]
[demo.7iquid.com/alsha/blog-list/indexd096.html]
[demo.7iquid.com/alsha/blog-list/index6879.html]
[demo.7iquid.com/alsha/blog-list/index190e.html]
[demo.7iquid.com/alsha/blog/index729c.html]
[demo.7iquid.com/alsha/blog/indexc868.html]
[demo.7iquid.com/alsha/blog/indexd096.html]
[demo.7iquid.com/alsha/blog/index190e.html]
[demo.7iquid.com/alsha/blog/index79f8.html]
[demo.7iquid.com/alsha/blog/index6879.html]
[demo.7iquid.com/alsha/wp-content/uploads/elementor/thumbs/blogAuthorAvatar-rpzirxk5wbksvt4bc0qsobskyfscdroqeow5y27sa0.jpg]
[demo.7iquid.com/alsha/wp-content/uploads/elementor/css/post-1767b114.css]
[demo.7iquid.com/alsha/wp-content/uploads/elementor/css/post-1357b114.css]
[demo.7iquid.com/alsha/wp-content/plugins/elementor/assets/lib/animations/styles/e-animation-grow.mineda1.css]
[demo.7iquid.com/alsha/blog/index.html]
[demo.7iquid.com/alsha/category/expertise/index.html]
[demo.7iquid.com/alsha/wp-content/themes/alsha/assets/js/elementor/sidebar5152.js]
[demo.7iquid.com/alsha/wp-json/oembed/1.0/embedc2a6.json]
[demo.7iquid.com/alsha/tag/commercial/index.html]
[demo.7iquid.com/alsha/tag/architecture/index.html]
[demo.7iquid.com/alsha/tag/interior/index.html]
[demo.7iquid.com/alsha/tag/minimalism/index.html]
[demo.7iquid.com/alsha/tag/modern-living/index.html]
[demo.7iquid.com/alsha/tag/workspace/index.html]
[demo.7iquid.com/alsha/wp-json/oembed/1.0/embed20fc]
[demo.7iquid.com/alsha/2026/04/27/designing-light-filled-homes-with-purpose/feed/index.html]
[demo.7iquid.com/alsha/wp-content/uploads/elementor/css/post-15496888.css]
[demo.7iquid.com/alsha/wp-json/wp/v2/posts/1549.json]
[demo.7iquid.com/alsha/wp-content/uploads/elementor/thumbs/Quiet-Courtyard-Home-rpzirxkke727oxmg7qorjsg0hp824oi5gldic59fmo.webp]
[demo.7iquid.com/alsha/wp-content/uploads/elementor/thumbs/projectImage03-rpzirxkke727oxmg7qorjsg0hp824oi5gldic59fmo.webp]
[demo.7iquid.com/alsha/wp-content/uploads/elementor/thumbs/Cliffside-Living-House-rpzirxkke727oxmg7qorjsg0hp824oi5gldic59fmo.webp]
[demo.7iquid.com/alsha/wp-content/uploads/elementor/thumbs/Ethan-Caldwell-rpzirxk6oe04bbxwk4hy10nj7xol4hqskn12ok4ep4.webp]
[demo.7iquid.com/alsha/wp-content/uploads/2026/04/quotes.svg]
[demo.7iquid.com/alsha/wp-content/uploads/elementor/thumbs/blogImage01-rpzirxk9x1lvw422ejmcg1q6yfd0ve9dpu9za4l2y0.webp]
[demo.7iquid.com/alsha/wp-content/uploads/elementor/thumbs/blogImage02-rpzirxk9x1k6ic17ebkyuq85sw0f1qbtxdsh7905tc.webp]
[demo.7iquid.com/alsha/wp-content/uploads/elementor/thumbs/blogImage03-rpzirxk9x1k6ic17ebkyuq85sw0f1qbtxdsh7905tc.webp]
[demo.7iquid.com/alsha/2026/04/27/designing-light-filled-homes-with-purpose/index.html]
[demo.7iquid.com/alsha/wp-includes/js/comment-reply.min4d6f.js]
[demo.7iquid.com/alsha/wp-json/oembed/1.0/embed32f2.json]
[demo.7iquid.com/alsha/wp-json/oembed/1.0/embed6f7b]
[demo.7iquid.com/alsha/wp-content/plugins/elementor/assets/css/widget-google_maps.mineda1.css]
[demo.7iquid.com/alsha/wp-content/uploads/elementor/css/post-616249.css]
[demo.7iquid.com/alsha/wp-json/wp/v2/pages/61.json]
[demo.7iquid.com/alsha/wp-content/uploads/2026/04/contnact-image-3.webp]
[demo.7iquid.com/alsha/wp-content/uploads/2026/04/contnact-image-2.webp]
[demo.7iquid.com/alsha/wp-content/uploads/2026/04/contnact-image-1.png]
[demo.7iquid.com/alsha/wp-content/uploads/2026/04/contnact-image-5.webp]
[demo.7iquid.com/alsha/wp-content/uploads/2026/04/contnact-image-6.webp]
[demo.7iquid.com/alsha/contact/index.html]
[demo.7iquid.com/alsha/wp-content/uploads/2026/04/contnact-image-7.webp]
[demo.7iquid.com/alsha/wp-json/wp/v2/project-category/8.json]
[demo.7iquid.com/alsha/project-category/building/feed/index.html]
[demo.7iquid.com/alsha/project-category/building/index.html]
[demo.7iquid.com/alsha/wp-content/uploads/elementor/css/post-12259e98.css]
[demo.7iquid.com/alsha/project-category/commercial/index.html]
[demo.7iquid.com/alsha/project-category/commercial/feed/index.html]
[demo.7iquid.com/alsha/wp-json/wp/v2/project-category/7.json]
[demo.7iquid.com/alsha/wp-json/oembed/1.0/embed601f.json]
[demo.7iquid.com/alsha/wp-json/oembed/1.0/embed311c]
[demo.7iquid.com/alsha/project/coastal-living-house/index.html]
[demo.7iquid.com/alsha/wp-content/uploads/elementor/css/post-8999e98.css]
[demo.7iquid.com/alsha/project-category/apartment/index.html]
[demo.7iquid.com/alsha/project-category/apartment/feed/index.html]
[demo.7iquid.com/alsha/wp-json/wp/v2/project-category/6.json]
[demo.7iquid.com/alsha/wp-json/oembed/1.0/embed0019.json]
[demo.7iquid.com/alsha/wp-json/oembed/1.0/embed3d5b]
[demo.7iquid.com/alsha/project/modern-villa-escape/index.html]
[demo.7iquid.com/alsha/wp-content/uploads/elementor/css/post-8970007.css]
[demo.7iquid.com/alsha/wp-json/oembed/1.0/embedd083.json]
[demo.7iquid.com/alsha/wp-json/oembed/1.0/embed680e]
[demo.7iquid.com/alsha/project/quiet-courtyard-home/index.html]
[demo.7iquid.com/alsha/wp-content/uploads/elementor/css/post-5232772.css]
[demo.7iquid.com/alsha/wp-json/wp/v2/project-category/4.json]
[demo.7iquid.com/alsha/wp-content/uploads/elementor/thumbs/Urban-Courtyard-Retreat-rpzirxkccr4vld5dxbpkir5vrewezh5wwxbgw6045w.webp]
[demo.7iquid.com/alsha/project-category/interior-architecture/feed/index.html]
[demo.7iquid.com/alsha/wp-content/uploads/elementor/thumbs/projectImage01-rpzirxkccr4vld5dxbpkir5vrewezh5wwxbgw6045w.webp]
[demo.7iquid.com/alsha/project-category/interior-architecture/index.html]
[demo.7iquid.com/alsha/wp-content/uploads/elementor/thumbs/Hillside-Private-Residence-rpzirxkccr4vld5dxbpkir5vrewezh5wwxbgw6045w.webp]
[demo.7iquid.com/alsha/project-category/private-house/index.html]
[demo.7iquid.com/alsha/index729c.html]
[demo.7iquid.com/alsha/indexc868.html]
[demo.7iquid.com/alsha/project-category/private-house/feed/index.html]
[demo.7iquid.com/alsha/wp-json/wp/v2/project-category/5.json]
[demo.7iquid.com/alsha/indexb707.html]
[demo.7iquid.com/alsha/wp-content/uploads/elementor/thumbs/Shaping-Contemporary-Living-Thro-rpzirxkfee2fsb2mqq7pcb1cx96mmaau9gv01cb1ls.webp]
[demo.7iquid.com/alsha/indexe7ea.html]
[demo.7iquid.com/alsha/wp-content/uploads/elementor/thumbs/Material-Harmony-In-Modern-Home--rpzirxkfee2fsb2mqq7pcb1cx96mmaau9gv01cb1ls.webp]
[demo.7iquid.com/alsha/index79f8.html]
[demo.7iquid.com/alsha/indexd096.html]
[demo.7iquid.com/alsha/index190e.html]
[demo.7iquid.com/alsha/wp-content/uploads/elementor/thumbs/Integrating-Function-And-Form-In-rpzirxkfee2fsb2mqq7pcb1cx96mmaau9gv01cb1ls.webp]
[demo.7iquid.com/alsha/index1792.html]
[demo.7iquid.com/alsha/category/interior/feed/index.html]
[demo.7iquid.com/alsha/indexb70b.html]
[demo.7iquid.com/alsha/index830b.html]
[demo.7iquid.com/alsha/2026/04/14/integrating-function-and-form-in-urban-spaces/index.html]
[demo.7iquid.com/alsha/category/interior/index.html]
[demo.7iquid.com/alsha/wp-json/wp/v2/categories/15.json]
[demo.7iquid.com/alsha/category/interior/indexc868.html]
[demo.7iquid.com/alsha/category/urban/feed/index.html]
[demo.7iquid.com/alsha/category/interior/index79f8.html]
[demo.7iquid.com/alsha/category/interior/indexd096.html]
[demo.7iquid.com/alsha/category/interior/index190e.html]
[demo.7iquid.com/alsha/category/interior/index729c.html]
[demo.7iquid.com/alsha/category/urban/index.html]
[demo.7iquid.com/alsha/wp-json/wp/v2/categories/16.json]
[demo.7iquid.com/alsha/wp-json/oembed/1.0/embed2570.json]
[demo.7iquid.com/alsha/2026/04/27/designing-spaces-that-endure-time-and-context/feed/index.html]
[demo.7iquid.com/alsha/category/urban/index729c.html]
[demo.7iquid.com/alsha/category/urban/index190e.html]
[demo.7iquid.com/alsha/category/urban/indexc868.html]
[demo.7iquid.com/alsha/category/urban/index79f8.html]
[demo.7iquid.com/alsha/category/urban/indexd096.html]
[demo.7iquid.com/alsha/wp-json/oembed/1.0/embed044f]
[demo.7iquid.com/alsha/wp-content/uploads/elementor/css/post-15442e69.css]
[demo.7iquid.com/alsha/2026/04/27/designing-spaces-that-endure-time-and-context/index.html]
[demo.7iquid.com/alsha/wp-json/wp/v2/posts/1544.json]
[demo.7iquid.com/alsha/category/architecture/index.html]
[demo.7iquid.com/alsha/category/architecture/feed/index.html]
[demo.7iquid.com/alsha/wp-json/wp/v2/categories/17.json]
[demo.7iquid.com/alsha/category/design/index.html]
[demo.7iquid.com/alsha/category/design/feed/index.html]
[demo.7iquid.com/alsha/wp-json/wp/v2/categories/12.json]
[demo.7iquid.com/alsha/category/architecture/index729c.html]
[demo.7iquid.com/alsha/category/architecture/indexc868.html]
[demo.7iquid.com/alsha/category/architecture/index79f8.html]
[demo.7iquid.com/alsha/category/architecture/indexd096.html]
[demo.7iquid.com/alsha/category/architecture/index190e.html]
[demo.7iquid.com/alsha/category/design/index729c.html]
[demo.7iquid.com/alsha/wp-json/oembed/1.0/embeda35c.json]
[demo.7iquid.com/alsha/category/design/index79f8.html]
[demo.7iquid.com/alsha/category/design/indexc868.html]
[demo.7iquid.com/alsha/category/design/indexd096.html]
[demo.7iquid.com/alsha/category/design/index190e.html]
[demo.7iquid.com/alsha/wp-json/oembed/1.0/embedd5fe]
[demo.7iquid.com/alsha/2026/04/27/designing-architecture-with-purpose-and-precision-3/feed/index.html]
[demo.7iquid.com/alsha/wp-content/uploads/elementor/css/post-15382e69.css]
[demo.7iquid.com/alsha/2026/04/27/designing-architecture-with-purpose-and-precision-3/index.html]
[demo.7iquid.com/alsha/wp-json/wp/v2/posts/1538.json]
[demo.7iquid.com/alsha/wp-content/uploads/elementor/thumbs/Cliffside-Living-House-rpzirxkbo71hx5e7no1qoxwth0y9mox8ozu9wb30to.webp]
[demo.7iquid.com/alsha/wp-content/uploads/elementor/thumbs/Soft-Minimal-Residence-rpzirxkbo71hx5e7no1qoxwth0y9mox8ozu9wb30to.webp]
[demo.7iquid.com/alsha/wp-content/uploads/elementor/thumbs/Urban-Courtyard-Retreat-rpzirxkbo71hx5e7no1qoxwth0y9mox8ozu9wb30to.webp]
[demo.7iquid.com/alsha/index6879.html]
[demo.7iquid.com/alsha/wp-content/uploads/elementor/thumbs/projectImage01-rpzirxkbo71hx5e7no1qoxwth0y9mox8ozu9wb30to.webp]
[demo.7iquid.com/alsha/wp-content/uploads/elementor/thumbs/Hillside-Private-Residence-rpzirxkbo71hx5e7no1qoxwth0y9mox8ozu9wb30to.webp]
[demo.7iquid.com/alsha/index5293.html]
[demo.7iquid.com/alsha/wp-content/uploads/elementor/css/post-3759df4e.css]
[demo.7iquid.com/alsha/wp-content/uploads/elementor/css/post-5784df4e.css]
[demo.7iquid.com/alsha/wp-content/uploads/elementor/css/post-5788df4e.css]
[demo.7iquid.com/alsha/wp-content/plugins/elementor/assets/lib/animations/styles/e-animation-shrink.mineda1.css]
[demo.7iquid.com/alsha/wp-content/uploads/elementor/css/post-354363f1.css]
[demo.7iquid.com/alsha/index54fd.html]
[demo.7iquid.com/alsha/index180b.html]
[demo.7iquid.com/alsha/index6f4f.html]
[demo.7iquid.com/alsha/index241d.html]
[demo.7iquid.com/alsha/index65a8.html]
[demo.7iquid.com/alsha/index0414.html]
[demo.7iquid.com/alsha/wp-content/uploads/elementor/css/post-35885a8d.css]
[demo.7iquid.com/alsha/wp-content/themes/alsha/assets/svg/angle-down-solid.svg]
[demo.7iquid.com/alsha/wp-content/uploads/elementor/css/custom-widget-progress.min63f1.css]
[demo.7iquid.com/alsha/wp-content/uploads/2026/05/homeSideBarBG.png]
[demo.7iquid.com/alsha/wp-content/uploads/2026/05/AboutUsBG.png]
[demo.7iquid.com/alsha/wp-content/uploads/elementor/css/post-3200be6a.css]
[demo.7iquid.com/alsha/wp-content/uploads/2026/05/AboutUs01.webp]
[demo.7iquid.com/alsha/wp-content/uploads/elementor/css/local-3200-frontend-desktop5955.css]
[demo.7iquid.com/alsha/wp-content/uploads/elementor/css/local-3200-frontend-laptop5955.css]
[demo.7iquid.com/alsha/wp-content/uploads/elementor/css/local-3200-frontend-tablet_extra5955.css]
[demo.7iquid.com/alsha/wp-content/uploads/elementor/css/local-3200-frontend-mobile_extra5955.css]
[demo.7iquid.com/alsha/wp-content/uploads/elementor/css/post-32963f1.css]
[demo.7iquid.com/alsha/wp-content/uploads/elementor/css/post-38563f1.css]
[demo.7iquid.com/alsha/index70a3.html]
[demo.7iquid.com/alsha/wp-content/uploads/elementor/css/post-29463f1.css]
[demo.7iquid.com/alsha/wp-content/uploads/elementor/css/post-3239b783.css]
[demo.7iquid.com/alsha/wp-content/uploads/elementor/css/post-3020be6a.css]
[demo.7iquid.com/alsha/index2941.html]
[demo.7iquid.com/alsha/wp-content/uploads/elementor/css/post-291368d5.css]
[demo.7iquid.com/alsha/index7ab1.html]
[demo.7iquid.com/alsha/wp-content/uploads/elementor/css/post-283468d5.css]
[demo.7iquid.com/alsha/index2f36.html]
[demo.7iquid.com/alsha/wp-content/uploads/elementor/css/post-285668d5.css]
[demo.7iquid.com/alsha/wp-content/uploads/elementor/css/post-28911785.css]
[demo.7iquid.com/alsha/wp-content/uploads/elementor/css/post-28941785.css]
[demo.7iquid.com/alsha/wp-content/uploads/elementor/css/post-29001785.css]
[demo.7iquid.com/alsha/wp-content/uploads/2026/05/faqsImage04.webp]
[demo.7iquid.com/alsha/wp-content/uploads/elementor/css/post-27201785.css]
[demo.7iquid.com/alsha/index546c.html]
[demo.7iquid.com/alsha/wp-content/uploads/2026/05/ourTeamBG.png]
[demo.7iquid.com/alsha/wp-content/uploads/elementor/css/post-24676bd3.css]
[demo.7iquid.com/alsha/wp-content/themes/alsha/assets/css/masonry.min5152.css]
[demo.7iquid.com/alsha/indexb645.html]
[demo.7iquid.com/alsha/wp-content/uploads/elementor/css/post-24016bd3.css]
[demo.7iquid.com/alsha/index6d8e.html]
[demo.7iquid.com/alsha/wp-content/uploads/elementor/css/post-20536bd3.css]
[demo.7iquid.com/alsha/index1870.html]
[demo.7iquid.com/alsha/wp-content/uploads/2026/06/modal-bg-2.png]
[demo.7iquid.com/alsha/wp-content/uploads/elementor/css/post-1788d921.css]
[demo.7iquid.com/alsha/index1f77.html]
[demo.7iquid.com/alsha/wp-content/uploads/elementor/css/post-118263f1.css]
[demo.7iquid.com/alsha/index4007.html]
[demo.7iquid.com/alsha/wp-json/oembed/1.0/embed1f47.json]
[demo.7iquid.com/alsha/wp-json/oembed/1.0/embedbade]
[demo.7iquid.com/alsha/project/cliffside-living-house/index.html]
[demo.7iquid.com/alsha/wp-content/uploads/elementor/css/post-521e394.css]
[demo.7iquid.com/alsha/wp-json/oembed/1.0/embed27f0.json]
[demo.7iquid.com/alsha/wp-json/oembed/1.0/embed9a84]
[demo.7iquid.com/alsha/project/soft-minimal-residence/index.html]
[demo.7iquid.com/alsha/wp-content/uploads/elementor/css/post-11534f5a.css]
[demo.7iquid.com/alsha/index3f85.html]
[demo.7iquid.com/alsha/wp-content/uploads/elementor/css/post-11034f5a.css]
[demo.7iquid.com/alsha/index70ff.html]
[demo.7iquid.com/alsha/wp-content/uploads/elementor/css/post-1161f6a1.css]
[demo.7iquid.com/alsha/index78e6.html]
[demo.7iquid.com/alsha/wp-content/uploads/elementor/css/post-519e394.css]
[demo.7iquid.com/alsha/wp-content/uploads/elementor/css/post-102451b1.css]
[demo.7iquid.com/alsha/indexf0fa.html]
[demo.7iquid.com/alsha/wp-content/uploads/elementor/css/post-96163f1.css]
[demo.7iquid.com/alsha/indexf14d.html]
[demo.7iquid.com/alsha/wp-content/uploads/elementor/css/post-88051b1.css]
[demo.7iquid.com/alsha/index0d89.html]
[demo.7iquid.com/alsha/wp-content/uploads/elementor/css/post-9010590.css]
[demo.7iquid.com/alsha/indexead7.html]
[demo.7iquid.com/alsha/project/index.html]
[demo.7iquid.com/alsha/wp-content/plugins/elementor/assets/css/widget-image-carousel.mineda1.css]
[demo.7iquid.com/alsha/wp-content/uploads/elementor/css/post-517aab2.css]
[demo.7iquid.com/alsha/index728e.html]
[demo.7iquid.com/alsha/wp-content/uploads/elementor/css/post-515aab2.css]
[demo.7iquid.com/alsha/indexd073.html]
[demo.7iquid.com/alsha/wp-content/uploads/elementor/css/post-426b366.css]
[demo.7iquid.com/alsha/index2202.html]
[demo.7iquid.com/alsha/wp-content/uploads/elementor/css/post-1570b366.css]
[demo.7iquid.com/alsha/index2bee.html]
[demo.7iquid.com/alsha/wp-content/uploads/2026/04/projectBg.webp]
[demo.7iquid.com/alsha/project/feed/index.html]
[demo.7iquid.com/alsha/wp-json/oembed/1.0/embed5f99.json]
[demo.7iquid.com/alsha/2026/04/27/shaping-contemporary-living-through-spatial-clarity/feed/index.html]
[demo.7iquid.com/alsha/wp-json/oembed/1.0/embed73f1]
[demo.7iquid.com/alsha/wp-content/uploads/elementor/css/post-1520a85b.css]
[demo.7iquid.com/alsha/2026/04/27/shaping-contemporary-living-through-spatial-clarity/index.html]
[demo.7iquid.com/alsha/wp-json/wp/v2/posts/1520.json]
[demo.7iquid.com/alsha/wp-json/oembed/1.0/embedfc03.json]
[demo.7iquid.com/alsha/2026/04/27/material-harmony-in-modern-home-design/feed/index.html]
[demo.7iquid.com/alsha/wp-json/oembed/1.0/embed9ea2]
[demo.7iquid.com/alsha/wp-content/uploads/elementor/css/post-1514a85b.css]
[demo.7iquid.com/alsha/2026/04/27/material-harmony-in-modern-home-design/index.html]
[demo.7iquid.com/alsha/wp-json/wp/v2/posts/1514.json]
[demo.7iquid.com/alsha/category/residential/index.html]
[demo.7iquid.com/alsha/category/residential/feed/index.html]
[demo.7iquid.com/alsha/wp-json/wp/v2/categories/14.json]
[demo.7iquid.com/alsha/category/residential/indexc868.html]
[demo.7iquid.com/alsha/blog-column/index729c.html]
[demo.7iquid.com/alsha/wp-content/uploads/elementor/thumbs/projectImage06-rpzirxkke730c5wga8u7hqm1131xwx9t3h2h6aeeag.webp]
[demo.7iquid.com/alsha/category/residential/index729c.html]
[demo.7iquid.com/alsha/category/residential/index79f8.html]
[demo.7iquid.com/alsha/category/residential/indexd096.html]
[demo.7iquid.com/alsha/category/residential/index190e.html]
[demo.7iquid.com/alsha/blog-column/indexc868.html]
[demo.7iquid.com/alsha/wp-content/uploads/elementor/thumbs/projectImage05-rpzirxkke730c5wga8u7hqm1131xwx9t3h2h6aeeag.webp]
[demo.7iquid.com/alsha/blog-column/indexb707.html]
[demo.7iquid.com/alsha/wp-content/uploads/elementor/thumbs/Designing-Architecture-with-Purp-rpzirxkke730c5wga8u7hqm1131xwx9t3h2h6aeeag.webp]
[demo.7iquid.com/alsha/blog-column/indexe7ea.html]
[demo.7iquid.com/alsha/wp-content/uploads/elementor/thumbs/Material-Harmony-In-Modern-Home--rpzirxk9o9tucud0nl052s3lu56icevyoqumk0eq0e.webp]
[demo.7iquid.com/alsha/blog-column/index79f8.html]
[demo.7iquid.com/alsha/wp-content/uploads/elementor/thumbs/Integrating-Function-And-Form-In-rpzirxk9o9tucud0nl052s3lu56icevyoqumk0eq0e.webp]
[demo.7iquid.com/alsha/blog-column/indexd096.html]
[demo.7iquid.com/alsha/wp-content/uploads/elementor/thumbs/Soft-Minimal-Residence-rpzirxkke730c5wga8u7hqm1131xwx9t3h2h6aeeag.webp]
[demo.7iquid.com/alsha/blog-column/index830b.html]
[demo.7iquid.com/alsha/blog-column/index190e.html]
[demo.7iquid.com/alsha/wp-content/uploads/elementor/thumbs/Integrating-Function-And-Form-In-rpzirxkke730c5wga8u7hqm1131xwx9t3h2h6aeeag.webp]
[demo.7iquid.com/alsha/blog-column/index1792.html]
[demo.7iquid.com/alsha/wp-json/oembed/1.0/embeddfc7.json]
[demo.7iquid.com/alsha/blog-column/indexb70b.html]
[demo.7iquid.com/alsha/2026/04/27/designing-architecture-with-purpose-and-precision-2/feed/index.html]
[demo.7iquid.com/alsha/wp-json/oembed/1.0/embed1bb2]
[demo.7iquid.com/alsha/wp-content/uploads/elementor/css/post-15322e69.css]
[demo.7iquid.com/alsha/2026/04/27/designing-architecture-with-purpose-and-precision-2/index.html]
[demo.7iquid.com/alsha/wp-json/wp/v2/posts/1532.json]
[demo.7iquid.com/alsha/wp-json/oembed/1.0/embedce26.json]
[demo.7iquid.com/alsha/2026/04/27/designing-architecture-with-purpose-and-precision/feed/index.html]
[demo.7iquid.com/alsha/wp-json/oembed/1.0/embede0a5]
[demo.7iquid.com/alsha/wp-content/uploads/elementor/css/post-15232e69.css]
[demo.7iquid.com/alsha/2026/04/27/designing-architecture-with-purpose-and-precision/index.html]
[demo.7iquid.com/alsha/blog-column/index6879.html]
[demo.7iquid.com/alsha/wp-content/uploads/elementor/css/post-17195291.css]
[demo.7iquid.com/alsha/index8042.html]
[demo.7iquid.com/alsha/blog-list/index729c.html]
[demo.7iquid.com/alsha/blog-list/indexc868.html]
[demo.7iquid.com/alsha/wp-json/wp/v2/posts/1523.json]
[demo.7iquid.com/alsha/blog-column/index54fd.html]
[demo.7iquid.com/alsha/wp-content/uploads/elementor/thumbs/Shaping-Contemporary-Living-Thro-rpzirxkd7g9uhkk651yh6j2ixc3t1rr7e3riw603hg.webp]
[demo.7iquid.com/alsha/blog-list/indexb707.html]
[demo.7iquid.com/alsha/blog-list/indexe7ea.html]
[demo.7iquid.com/alsha/wp-content/uploads/elementor/thumbs/Material-Harmony-In-Modern-Home--rpzirxkd7g9uhkk651yh6j2ixc3t1rr7e3riw603hg.webp]
[demo.7iquid.com/alsha/blog-list/index79f8.html]
[demo.7iquid.com/alsha/wp-content/uploads/elementor/thumbs/Integrating-Function-And-Form-In-rpzirxkd7g9uhkk651yh6j2ixc3t1rr7e3riw603hg.webp]
[demo.7iquid.com/alsha/blog-list/indexd096.html]
[demo.7iquid.com/alsha/blog-list/index190e.html]
[demo.7iquid.com/alsha/blog-list/index6879.html]
[demo.7iquid.com/alsha/blog/index729c.html]
[demo.7iquid.com/alsha/blog/indexc868.html]
[demo.7iquid.com/alsha/blog/index79f8.html]
[demo.7iquid.com/alsha/wp-content/uploads/elementor/thumbs/projectImage05-rpzirxkd7g9uhkk651yh6j2ixc3t1rr7e3riw603hg.webp]
[demo.7iquid.com/alsha/blog/indexd096.html]
[demo.7iquid.com/alsha/blog-list/index830b.html]
[demo.7iquid.com/alsha/blog/index190e.html]
[demo.7iquid.com/alsha/blog-list/index1792.html]
[demo.7iquid.com/alsha/blog-list/indexb70b.html]
[demo.7iquid.com/alsha/blog-list/index54fd.html]
[demo.7iquid.com/alsha/blog/index6879.html]
[demo.7iquid.com/alsha/blog/indexb707.html]
[demo.7iquid.com/alsha/blog/index1792.html]
[demo.7iquid.com/alsha/category/expertise/feed/index.html]
[demo.7iquid.com/alsha/blog/indexe7ea.html]
[demo.7iquid.com/alsha/blog/index830b.html]
[demo.7iquid.com/alsha/blog/indexb70b.html]
[demo.7iquid.com/alsha/blog/index54fd.html]
[demo.7iquid.com/alsha/category/expertise/index.html]
[demo.7iquid.com/alsha/wp-json/wp/v2/categories/13.json]
[demo.7iquid.com/alsha/tag/architecture/index.html]
[demo.7iquid.com/alsha/tag/architecture/feed/index.html]
[demo.7iquid.com/alsha/wp-json/wp/v2/tags/18.json]
[demo.7iquid.com/alsha/category/expertise/index729c.html]
[demo.7iquid.com/alsha/category/expertise/indexc868.html]
[demo.7iquid.com/alsha/category/expertise/index79f8.html]
[demo.7iquid.com/alsha/category/expertise/indexd096.html]
[demo.7iquid.com/alsha/category/expertise/index190e.html]
[demo.7iquid.com/alsha/tag/architecture/index729c.html]
[demo.7iquid.com/alsha/tag/commercial/feed/index.html]
[demo.7iquid.com/alsha/tag/architecture/indexc868.html]
[demo.7iquid.com/alsha/tag/architecture/index79f8.html]
[demo.7iquid.com/alsha/tag/architecture/indexd096.html]
[demo.7iquid.com/alsha/tag/architecture/index190e.html]
[demo.7iquid.com/alsha/tag/commercial/index.html]
[demo.7iquid.com/alsha/wp-json/wp/v2/tags/21.json]
[demo.7iquid.com/alsha/tag/interior/index.html]
[demo.7iquid.com/alsha/tag/interior/feed/index.html]
[demo.7iquid.com/alsha/wp-json/wp/v2/tags/19.json]
[demo.7iquid.com/alsha/tag/commercial/index729c.html]
[demo.7iquid.com/alsha/tag/commercial/indexc868.html]
[demo.7iquid.com/alsha/tag/commercial/index79f8.html]
[demo.7iquid.com/alsha/tag/commercial/indexd096.html]
[demo.7iquid.com/alsha/tag/commercial/index190e.html]
[demo.7iquid.com/alsha/tag/interior/index729c.html]
[demo.7iquid.com/alsha/tag/minimalism/feed/index.html]
[demo.7iquid.com/alsha/tag/interior/indexc868.html]
[demo.7iquid.com/alsha/tag/interior/index79f8.html]
[demo.7iquid.com/alsha/tag/interior/indexd096.html]
[demo.7iquid.com/alsha/tag/interior/index190e.html]
[demo.7iquid.com/alsha/tag/minimalism/index.html]
[demo.7iquid.com/alsha/wp-json/wp/v2/tags/10.json]
[demo.7iquid.com/alsha/tag/modern-living/index.html]
[demo.7iquid.com/alsha/tag/modern-living/feed/index.html]
[demo.7iquid.com/alsha/wp-json/wp/v2/tags/20.json]
[demo.7iquid.com/alsha/tag/minimalism/index729c.html]
[demo.7iquid.com/alsha/tag/minimalism/indexc868.html]
[demo.7iquid.com/alsha/tag/minimalism/index79f8.html]
[demo.7iquid.com/alsha/tag/minimalism/index190e.html]
[demo.7iquid.com/alsha/tag/minimalism/indexd096.html]
[demo.7iquid.com/alsha/tag/modern-living/index729c.html]
[demo.7iquid.com/alsha/tag/modern-living/index190e.html]
[demo.7iquid.com/alsha/tag/modern-living/indexc868.html]
[demo.7iquid.com/alsha/tag/modern-living/index79f8.html]
[demo.7iquid.com/alsha/tag/modern-living/indexd096.html]
[demo.7iquid.com/alsha/tag/workspace/feed/index.html]
[demo.7iquid.com/alsha/tag/workspace/index.html]
[demo.7iquid.com/alsha/wp-content/uploads/elementor/css/post-1767b114.css]
[demo.7iquid.com/alsha/wp-content/uploads/elementor/css/post-1357b114.css]
[demo.7iquid.com/alsha/wp-content/plugins/elementor/assets/lib/animations/styles/e-animation-grow.mineda1.css]
[demo.7iquid.com/alsha/wp-content/uploads/elementor/css/post-15496888.css]
[demo.7iquid.com/alsha/index6d24.html]
[demo.7iquid.com/alsha/wp-content/uploads/2026/04/quotes.svg]
[demo.7iquid.com/alsha/wp-content/plugins/elementor/assets/css/widget-google_maps.mineda1.css]
[demo.7iquid.com/alsha/wp-content/uploads/elementor/css/post-616249.css]
[demo.7iquid.com/alsha/index094d.html]
[demo.7iquid.com/alsha/wp-content/uploads/elementor/css/post-12259e98.css]
[demo.7iquid.com/alsha/wp-content/uploads/elementor/css/post-8999e98.css]
[demo.7iquid.com/alsha/indexd250.html]
[demo.7iquid.com/alsha/wp-content/uploads/elementor/css/post-8970007.css]
[demo.7iquid.com/alsha/index2cc4.html]
[demo.7iquid.com/alsha/wp-content/uploads/elementor/css/post-5232772.css]
[demo.7iquid.com/alsha/index16bc.html]
[demo.7iquid.com/alsha/indexb707.html]
[demo.7iquid.com/alsha/indexe7ea.html]
[demo.7iquid.com/alsha/wp-json/wp/v2/tags/9.json]
[demo.7iquid.com/alsha/tag/workspace/index729c.html]
[demo.7iquid.com/alsha/tag/workspace/indexc868.html]
[demo.7iquid.com/alsha/tag/workspace/index79f8.html]
[demo.7iquid.com/alsha/tag/workspace/indexd096.html]
[demo.7iquid.com/alsha/tag/workspace/index190e.html]
[demo.7iquid.com/alsha/index1256.html]
[demo.7iquid.com/alsha/index5a34.html]
[demo.7iquid.com/alsha/wp-json/oembed/1.0/embedb6e9.json]
[demo.7iquid.com/alsha/2026/04/14/integrating-function-and-form-in-urban-spaces/feed/index.html]
[demo.7iquid.com/alsha/wp-json/oembed/1.0/embed4f02]
[demo.7iquid.com/alsha/wp-content/uploads/elementor/css/post-1211a85b.css]
[demo.7iquid.com/alsha/2026/04/14/integrating-function-and-form-in-urban-spaces/index.html]
[demo.7iquid.com/alsha/index830b.html]
[demo.7iquid.com/alsha/index1792.html]
[demo.7iquid.com/alsha/indexb70b.html]
[demo.7iquid.com/alsha/category/interior/index729c.html]
[demo.7iquid.com/alsha/category/interior/indexc868.html]
[demo.7iquid.com/alsha/category/interior/index79f8.html]
[demo.7iquid.com/alsha/category/interior/indexd096.html]
[demo.7iquid.com/alsha/category/interior/index190e.html]
[demo.7iquid.com/alsha/category/urban/index729c.html]
[demo.7iquid.com/alsha/category/urban/indexc868.html]
[demo.7iquid.com/alsha/category/urban/index79f8.html]
[demo.7iquid.com/alsha/category/urban/indexd096.html]
[demo.7iquid.com/alsha/category/urban/index190e.html]
[demo.7iquid.com/alsha/wp-content/uploads/elementor/css/post-15442e69.css]
[demo.7iquid.com/alsha/index4377.html]
[demo.7iquid.com/alsha/category/architecture/index729c.html]
[demo.7iquid.com/alsha/category/architecture/indexc868.html]
[demo.7iquid.com/alsha/category/architecture/index79f8.html]
[demo.7iquid.com/alsha/category/architecture/indexd096.html]
[demo.7iquid.com/alsha/category/architecture/index190e.html]
[demo.7iquid.com/alsha/category/design/index729c.html]
[demo.7iquid.com/alsha/category/design/indexc868.html]
[demo.7iquid.com/alsha/category/design/index79f8.html]
[demo.7iquid.com/alsha/category/design/indexd096.html]
[demo.7iquid.com/alsha/category/design/index190e.html]
[demo.7iquid.com/alsha/wp-content/uploads/elementor/css/post-15382e69.css]
[demo.7iquid.com/alsha/index652b.html]
[demo.7iquid.com/alsha/index54fd.html]
[demo.7iquid.com/alsha/index6f4f.html]
[demo.7iquid.com/alsha/index180b.html]
[demo.7iquid.com/alsha/index241d.html]
[demo.7iquid.com/alsha/index65a8.html]
[demo.7iquid.com/alsha/index0414.html]
[demo.7iquid.com/alsha/xmlrpc0db0.php]
[demo.7iquid.com/alsha/wp-content/uploads/elementor/css/post-521e394.css]
[demo.7iquid.com/alsha/index1b7d.html]
[demo.7iquid.com/alsha/wp-content/uploads/elementor/css/post-519e394.css]
[demo.7iquid.com/alsha/indexcc08.html]
[demo.7iquid.com/alsha/wp-content/uploads/elementor/css/post-1520a85b.css]
[demo.7iquid.com/alsha/index6cf2.html]
[demo.7iquid.com/alsha/wp-content/uploads/elementor/css/post-1514a85b.css]
[demo.7iquid.com/alsha/indexbd8b.html]
[demo.7iquid.com/alsha/category/residential/index729c.html]
[demo.7iquid.com/alsha/category/residential/indexc868.html]
[demo.7iquid.com/alsha/category/residential/index79f8.html]
[demo.7iquid.com/alsha/category/residential/indexd096.html]
[demo.7iquid.com/alsha/category/residential/index190e.html]
[demo.7iquid.com/alsha/blog-column/indexb707.html]
[demo.7iquid.com/alsha/wp-json/wp/v2/posts/1211.json]
[demo.7iquid.com/alsha/blog-column/indexe7ea.html]
[demo.7iquid.com/alsha/index07b4.html]
[demo.7iquid.com/alsha/index0530.html]
[demo.7iquid.com/alsha/indexe794.html]
[demo.7iquid.com/alsha/blog-column/index830b.html]
[demo.7iquid.com/alsha/2026/04/14/integrating-function-and-form-in-urban-spaces/index0e22.html]
[demo.7iquid.com/alsha/2026/04/14/integrating-function-and-form-in-urban-spaces/index3094.html]
[demo.7iquid.com/alsha/blog-column/index1792.html]
[demo.7iquid.com/alsha/blog-column/indexb70b.html]
[demo.7iquid.com/alsha/wp-content/uploads/elementor/css/post-15322e69.css]
[demo.7iquid.com/alsha/index39ac.html]
[demo.7iquid.com/alsha/wp-content/uploads/elementor/css/post-15232e69.css]
[demo.7iquid.com/alsha/index7a2c.html]
[demo.7iquid.com/alsha/blog-column/index54fd.html]
[demo.7iquid.com/alsha/blog-list/indexb707.html]
[demo.7iquid.com/alsha/blog-list/indexe7ea.html]
[demo.7iquid.com/alsha/blog-column/index1256.html]
[demo.7iquid.com/alsha/blog-list/index830b.html]
[demo.7iquid.com/alsha/blog-column/index5a34.html]
[demo.7iquid.com/alsha/blog-list/index1792.html]
[demo.7iquid.com/alsha/blog-column/index07b4.html]
[demo.7iquid.com/alsha/blog-list/indexb70b.html]
[demo.7iquid.com/alsha/blog-list/index1256.html]
[demo.7iquid.com/alsha/blog-list/index5a34.html]
[demo.7iquid.com/alsha/blog-list/index54fd.html]
[demo.7iquid.com/alsha/blog/indexb707.html]
[demo.7iquid.com/alsha/blog/indexe7ea.html]
[demo.7iquid.com/alsha/blog-column/index0530.html]
[demo.7iquid.com/alsha/blog/index830b.html]
[demo.7iquid.com/alsha/blog-list/index07b4.html]
[demo.7iquid.com/alsha/blog/index1792.html]
[demo.7iquid.com/alsha/blog-column/indexe794.html]
[demo.7iquid.com/alsha/blog/indexb70b.html]
[demo.7iquid.com/alsha/blog-list/index0530.html]
[demo.7iquid.com/alsha/blog/index54fd.html]
[demo.7iquid.com/alsha/category/expertise/index729c.html]
[demo.7iquid.com/alsha/category/expertise/indexc868.html]
[demo.7iquid.com/alsha/category/expertise/index79f8.html]
[demo.7iquid.com/alsha/category/expertise/indexd096.html]
[demo.7iquid.com/alsha/category/expertise/index190e.html]
[demo.7iquid.com/alsha/tag/architecture/index729c.html]
[demo.7iquid.com/alsha/tag/architecture/indexc868.html]
[demo.7iquid.com/alsha/tag/architecture/index79f8.html]
[demo.7iquid.com/alsha/tag/architecture/indexd096.html]
[demo.7iquid.com/alsha/tag/architecture/index190e.html]
[demo.7iquid.com/alsha/tag/commercial/index729c.html]
[demo.7iquid.com/alsha/tag/commercial/indexc868.html]
[demo.7iquid.com/alsha/tag/commercial/index79f8.html]
[demo.7iquid.com/alsha/tag/commercial/indexd096.html]
[demo.7iquid.com/alsha/tag/commercial/index190e.html]
[demo.7iquid.com/alsha/tag/interior/index729c.html]
[demo.7iquid.com/alsha/tag/interior/indexc868.html]
[demo.7iquid.com/alsha/tag/interior/index79f8.html]
[demo.7iquid.com/alsha/tag/interior/indexd096.html]
[demo.7iquid.com/alsha/tag/interior/index190e.html]
[demo.7iquid.com/alsha/tag/minimalism/index729c.html]
[demo.7iquid.com/alsha/tag/minimalism/indexc868.html]
[demo.7iquid.com/alsha/tag/minimalism/index79f8.html]
[demo.7iquid.com/alsha/tag/minimalism/indexd096.html]
[demo.7iquid.com/alsha/tag/minimalism/index190e.html]
[demo.7iquid.com/alsha/tag/modern-living/index729c.html]
[demo.7iquid.com/alsha/tag/modern-living/indexc868.html]
[demo.7iquid.com/alsha/tag/modern-living/index79f8.html]
[demo.7iquid.com/alsha/tag/modern-living/indexd096.html]
[demo.7iquid.com/alsha/tag/modern-living/index190e.html]
[demo.7iquid.com/alsha/tag/workspace/index729c.html]
[demo.7iquid.com/alsha/tag/workspace/indexc868.html]
[demo.7iquid.com/alsha/tag/workspace/index79f8.html]
[demo.7iquid.com/alsha/tag/workspace/indexd096.html]
[demo.7iquid.com/alsha/tag/workspace/index190e.html]
[demo.7iquid.com/alsha/blog-list/indexe794.html]
[demo.7iquid.com/alsha/index1256.html]
[demo.7iquid.com/alsha/index5a34.html]
[demo.7iquid.com/alsha/wp-content/uploads/elementor/css/post-1211a85b.css]
[demo.7iquid.com/alsha/blog/index1256.html]
[demo.7iquid.com/alsha/blog/index5a34.html]
[demo.7iquid.com/alsha/blog/index07b4.html]
[demo.7iquid.com/alsha/blog/index0530.html]
[demo.7iquid.com/alsha/blog/indexe794.html]
[demo.7iquid.com/alsha/index2b78.html]
[demo.7iquid.com/alsha/2026/04/14/integrating-function-and-form-in-urban-spaces/index0e22.html]
[demo.7iquid.com/alsha/2026/04/14/integrating-function-and-form-in-urban-spaces/index3094.html]
[demo.7iquid.com/alsha/index07b4.html]
[demo.7iquid.com/alsha/index0530.html]
[demo.7iquid.com/alsha/indexe794.html]
[demo.7iquid.com/alsha/blog-column/index1256.html]
[demo.7iquid.com/alsha/blog-column/index5a34.html]
[demo.7iquid.com/alsha/blog-column/index07b4.html]
[demo.7iquid.com/alsha/blog-column/index0530.html]
[demo.7iquid.com/alsha/blog-column/indexe794.html]
[demo.7iquid.com/alsha/blog-list/index1256.html]
[demo.7iquid.com/alsha/blog-list/index5a34.html]
[demo.7iquid.com/alsha/blog-list/index07b4.html]
[demo.7iquid.com/alsha/blog-list/index0530.html]
[demo.7iquid.com/alsha/blog-list/indexe794.html]
[demo.7iquid.com/alsha/blog/index1256.html]
[demo.7iquid.com/alsha/blog/index5a34.html]
[demo.7iquid.com/alsha/blog/index07b4.html]
[demo.7iquid.com/alsha/blog/index0530.html]
[demo.7iquid.com/alsha/blog/indexe794.html]
[demo.7iquid.com/alsha/xmlrpc.php]
